// Jest Snapshot v1, https://goo.gl/fbAQLP

exports[`Label is rendering with attributes 1`] = `
<label
  className="slds-form-element__label"
  id="test_id"
>
  
</label>
`;
